zdong@Andrews-MBP test % git clone git@github.com:andrewdong14/zhai-token.git
Cloning into 'zhai-token'...
remote: Enumerating objects: 182, done.
remote: Counting objects: 100% (182/182), done.
remote: Compressing objects: 100% (131/131), done.
remote: Total 182 (delta 81), reused 137 (delta 40), pack-reused 0
Receiving objects: 100% (182/182), 173.20 KiB | 436.00 KiB/s, done.
Resolving deltas: 100% (81/81), done.
zdong@Andrews-MBP test % cp secrets.sample.json secrets.json
cp: secrets.sample.json: No such file or directory
zdong@Andrews-MBP test % cd zhai-token
zdong@Andrews-MBP zhai-token % cp secrets.sample.json secrets.json
zdong@Andrews-MBP zhai-token % npm install

> keccak@3.0.1 install /Users/zdong/workspace/udcity/blockchain/test/zhai-token/node_modules/keccak
> node-gyp-build || exit 0


> secp256k1@4.0.2 install /Users/zdong/workspace/udcity/blockchain/test/zhai-token/node_modules/secp256k1
> node-gyp-build || exit 0


> websocket@1.0.31 install /Users/zdong/workspace/udcity/blockchain/test/zhai-token/node_modules/websocket
> (node-gyp rebuild 2> builderror.log) || (exit 0)

  CXX(target) Release/obj.target/bufferutil/src/bufferutil.o
  SOLINK_MODULE(target) Release/bufferutil.node
  CXX(target) Release/obj.target/validation/src/validation.o
  SOLINK_MODULE(target) Release/validation.node

> web3@1.2.11 postinstall /Users/zdong/workspace/udcity/blockchain/test/zhai-token/node_modules/web3
> node angular-patch.js


> truffle@5.1.36 postinstall /Users/zdong/workspace/udcity/blockchain/test/zhai-token/node_modules/truffle
> node ./scripts/postinstall.js

- Fetching solc version list from solc-bin. Attempt #1
npm WARN zhai-token@1.0.0 No repository field.

added 735 packages from 640 contributors and audited 735 packages in 19.712s

27 packages are looking for funding
  run `npm fund` for details

found 2 low severity vulnerabilities
  run `npm audit fix` to fix them, or `npm audit` for details
zdong@Andrews-MBP zhai-token % truffle compile

Compiling your contracts...
===========================
> Compiling ./contracts/contracts/ERC721Mintable.sol
> Compiling ./contracts/contracts/Migrations.sol
> Compiling ./contracts/contracts/Oraclize.sol
> Compiling ./contracts/contracts/SolnSquareVerifier.sol
> Compiling ./contracts/contracts/Verifier.sol
> Compiling openzeppelin-solidity/contracts/drafts/Counters.sol
> Compiling openzeppelin-solidity/contracts/math/SafeMath.sol
> Compiling openzeppelin-solidity/contracts/token/ERC721/IERC721Receiver.sol
> Compiling openzeppelin-solidity/contracts/utils/Address.sol
> Compilation warnings encountered:

    /Users/zdong/workspace/udcity/blockchain/test/zhai-token/contracts/contracts/Oraclize.sol:320:7: Warning: Unreachable code.
      _networkID; // silence the warning and remain backwards compatible
      ^--------^
,/Users/zdong/workspace/udcity/blockchain/test/zhai-token/contracts/contracts/Oraclize.sol:373:7: Warning: Unreachable code.
      _myid; _result; _proof; // Silence compiler warnings
      ^--------------------^
,/Users/zdong/workspace/udcity/blockchain/test/zhai-token/contracts/contracts/Oraclize.sol:371:5: Warning: Function state mutability can be restricted to pure
    function __callback(bytes32 _myid, string memory _result, bytes memory _proof) public {
    ^ (Relevant source part starts here and spans across multiple lines).

> Artifacts written to /Users/zdong/workspace/udcity/blockchain/test/zhai-token/build/contracts
> Compiled successfully using:
   - solc: 0.5.16+commit.9c3226ce.Emscripten.clang

zdong@Andrews-MBP zhai-token % truffle test
Using network 'development'.


Compiling your contracts...
===========================
> Everything is up to date, there is nothing to compile.



  Contract: TestERC721Mintable
    match erc721 spec
      ✓ should return total supply (53ms)
      ✓ should get token balance (55ms)
      ✓ should return token uri (59ms)
      ✓ should transfer token from one owner to another (254ms)
    have ownership properties
      ✓ should fail when minting when address is not contract owner (58ms)
      ✓ should return contract owner

  Contract: TestSolnSquareVerifier
    ✓ Test if a new solution can be added for contract - SolnSquareVerifier (4763ms)
    ✓ Test if an ERC721 token can be minted for contract - SolnSquareVerifier (5061ms)

  Contract: TestSquareVerifier
    Test verification with correct proof
      ✓ test verification with correct proof (4888ms)
      ✓ Test verification with incorrect proof (3790ms)


  10 passing (25s)

zdong@Andrews-MBP zhai-token % truffle migrate --skipDryRun
> Warning: possible unsupported (undocumented in help) command line option: --skipDryRun

Compiling your contracts...
===========================
> Everything is up to date, there is nothing to compile.



Starting migrations...
======================
> Network name:    'development'
> Network id:      5777
> Block gas limit: 6721975 (0x6691b7)


1_initial_migration.js
======================

   Deploying 'Migrations'
   ----------------------
   > transaction hash:    0xe6eb5c2881005d36db1e67a4a48e84a0a5cc380160d197dae529c823ee453a84
   > Blocks: 0            Seconds: 0
   > contract address:    0x4fC81f9756582C70eC0d252303FeF608e8e1908C
   > block number:        1110
   > block timestamp:     1596187330
   > account:             0x35efA7af9432E8A878e1742c08ac50A2eC4E75ED
   > balance:             82.95875278
   > gas used:            263741 (0x4063d)
   > gas price:           20 gwei
   > value sent:          0 ETH
   > total cost:          0.00527482 ETH


   > Saving migration to chain.
   > Saving artifacts
   -------------------------------------
   > Total cost:          0.00527482 ETH


2_deploy_contracts.js
=====================

   Deploying 'ZhaiToken'
   ---------------------
   > transaction hash:    0xe688e6658397b8a59ea87bc54116580c09620ccda07fb5419d35e87c6a283bda
   > Blocks: 0            Seconds: 0
   > contract address:    0xb74de853eA526e486576a4Fd3D3e3903818D845B
   > block number:        1112
   > block timestamp:     1596187331
   > account:             0x35efA7af9432E8A878e1742c08ac50A2eC4E75ED
   > balance:             82.89000796
   > gas used:            3395218 (0x33ce92)
   > gas price:           20 gwei
   > value sent:          0 ETH
   > total cost:          0.06790436 ETH


   Deploying 'SquareVerifier'
   --------------------------
   > transaction hash:    0x00c13eedcfb938cecf79bec69e71ad3db34de6db5b9983cc11d0fbc3308be13e
   > Blocks: 0            Seconds: 0
   > contract address:    0x16bcf9065211AEE6d53c2EEF009B451DD4E553e3
   > block number:        1113
   > block timestamp:     1596187331
   > account:             0x35efA7af9432E8A878e1742c08ac50A2eC4E75ED
   > balance:             82.85574166
   > gas used:            1713315 (0x1a24a3)
   > gas price:           20 gwei
   > value sent:          0 ETH
   > total cost:          0.0342663 ETH


   Deploying 'SolnSquareVerifier'
   ------------------------------
   > transaction hash:    0x08e1f3805cbfb14df6976ae32906c5eb928b883813d3fbfecdfb2dd245e8f542
   > Blocks: 0            Seconds: 0
   > contract address:    0x60bbFdC6D3e736152e59dF8Af09993602FfC91e7
   > block number:        1114
   > block timestamp:     1596187331
   > account:             0x35efA7af9432E8A878e1742c08ac50A2eC4E75ED
   > balance:             82.75910806
   > gas used:            4831680 (0x49b9c0)
   > gas price:           20 gwei
   > value sent:          0 ETH
   > total cost:          0.0966336 ETH


   > Saving migration to chain.
   > Saving artifacts
   -------------------------------------
   > Total cost:          0.19880426 ETH


Summary
=======
> Total deployments:   4
> Final cost:          0.20407908 ETH


zdong@Andrews-MBP zhai-token % truffle migrate --network rinkeby --skipDryRun
> Warning: possible unsupported (undocumented in help) command line option: --skipDryRun

Compiling your contracts...
===========================
> Everything is up to date, there is nothing to compile.



Starting migrations...
======================
> Network name:    'rinkeby'
> Network id:      4
> Block gas limit: 10081211 (0x99d3bb)


1_initial_migration.js
======================

   Deploying 'Migrations'
   ----------------------
   > transaction hash:    0x44a2b2369409b30569f84a55b84bbaf8d53cc363abd6363807eb187b3deb26fe
   > Blocks: 0            Seconds: 5
   > contract address:    0x4D3d43094E365C1cf5d02f6d8a8eeC482191eABF
   > block number:        6935451
   > block timestamp:     1596187363
   > account:             0xED3C5Cc755ed33C62AEdA406Ef520F804137c49C
   > balance:             23.126720976
   > gas used:            225237 (0x36fd5)
   > gas price:           20 gwei
   > value sent:          0 ETH
   > total cost:          0.00450474 ETH


   > Saving migration to chain.
   > Saving artifacts
   -------------------------------------
   > Total cost:          0.00450474 ETH


2_deploy_contracts.js
=====================

   Deploying 'ZhaiToken'
   ---------------------
   > transaction hash:    0x86dd7829ddbfbd7588cf20b89e7b46f91252c224457b43caf60eeee94d15c73d
   > Blocks: 1            Seconds: 9
   > contract address:    0xDE1B8E9F1c267C05A1bC5A0d15B2Cb45221EF8aA
   > block number:        6935453
   > block timestamp:     1596187393
   > account:             0xED3C5Cc755ed33C62AEdA406Ef520F804137c49C
   > balance:             23.070158556
   > gas used:            2785758 (0x2a81de)
   > gas price:           20 gwei
   > value sent:          0 ETH
   > total cost:          0.05571516 ETH


   Deploying 'SquareVerifier'
   --------------------------
   > transaction hash:    0xc9e632e565123ed8207beb7603eeb7d1927ca8a8fdfd77f5758a9ff47443c680
   > Blocks: 0            Seconds: 5
   > contract address:    0xa12e82963BF40DAD55C51Cf4B0fEbF1811319b15
   > block number:        6935454
   > block timestamp:     1596187408
   > account:             0xED3C5Cc755ed33C62AEdA406Ef520F804137c49C
   > balance:             23.042266416
   > gas used:            1394607 (0x1547af)
   > gas price:           20 gwei
   > value sent:          0 ETH
   > total cost:          0.02789214 ETH


   Deploying 'SolnSquareVerifier'
   ------------------------------
   > transaction hash:    0x00be00e527f193b59a54717f65d4ff9521ccb60419a68de9ce4a585be80df9dc
   > Blocks: 0            Seconds: 5
   > contract address:    0x4F327e762047eD5b3E35fc2e483fC6588b5DbBE8
   > block number:        6935455
   > block timestamp:     1596187423
   > account:             0xED3C5Cc755ed33C62AEdA406Ef520F804137c49C
   > balance:             22.963173056
   > gas used:            3954668 (0x3c57ec)
   > gas price:           20 gwei
   > value sent:          0 ETH
   > total cost:          0.07909336 ETH


   > Saving migration to chain.
   > Saving artifacts
   -------------------------------------
   > Total cost:          0.16270066 ETH


Summary
=======
> Total deployments:   4
> Final cost:          0.1672054 ETH